/Users/hyperbox/homebuddy/furniture-catalog-assets/sofa/build.py:8: DeprecationWarning: 'Material.use_nodes' is expected to be removed in Blender 6.0
  m=bpy.data.materials.new(name);m.diffuse_color=(*c,1);m.use_nodes=True;p=m.node_tree.nodes.get('Principled BSDF');p.inputs['Base Color'].default_value=(*c,1);p.inputs['Roughness'].default_value=rough
INFO Draco is available, use library at /Applications/Blender.app/Contents/Resources/5.2/scripts/addons_core/io_scene_gltf2/libbf_intern_draco_bridge.dylib
INFO MeshOptimizer is available, use library at /Applications/Blender.app/Contents/Resources/5.2/scripts/addons_core/io_scene_gltf2/libbf_intern_meshopt_bridge.dylib
11:09:50 | INFO: Starting glTF 2.0 export
11:09:50 | INFO: Extracting primitive: Cube.002
11:09:50 | INFO: Primitives created: 1
11:09:50 | INFO: Extracting primitive: Cube.003
11:09:50 | INFO: Primitives created: 1
11:09:50 | INFO: Extracting primitive: Cube.006
11:09:50 | INFO: Primitives created: 1
11:09:50 | INFO: Extracting primitive: Cube.007
11:09:50 | INFO: Primitives created: 1
11:09:50 | INFO: Extracting primitive: Cube.001
11:09:50 | INFO: Primitives created: 1
11:09:50 | INFO: Extracting primitive: Cube.004
11:09:50 | INFO: Primitives created: 1
11:09:50 | INFO: Extracting primitive: Cube.005
11:09:50 | INFO: Primitives created: 1
11:09:50 | INFO: Extracting primitive: Seat front seam
11:09:50 | INFO: Primitives created: 1
11:09:50 | INFO: Extracting primitive: Seat front seam.001
11:09:50 | INFO: Primitives created: 1
11:09:50 | INFO: Extracting primitive: Cube
11:09:50 | INFO: Primitives created: 1
11:09:50 | INFO: Extracting primitive: Cylinder
11:09:50 | INFO: Primitives created: 1
11:09:50 | INFO: Extracting primitive: Cylinder.001
11:09:50 | INFO: Primitives created: 1
11:09:50 | INFO: Extracting primitive: Cylinder.002
11:09:50 | INFO: Primitives created: 1
11:09:50 | INFO: Extracting primitive: Cylinder.003
11:09:50 | INFO: Primitives created: 1
11:09:50 | INFO: Finished glTF 2.0 export in 0.022735118865966797 s
/Users/hyperbox/homebuddy/furniture-catalog-assets/sofa/build.py:8: DeprecationWarning: 'Material.use_nodes' is expected to be removed in Blender 6.0
  m=bpy.data.materials.new(name);m.diffuse_color=(*c,1);m.use_nodes=True;p=m.node_tree.nodes.get('Principled BSDF');p.inputs['Base Color'].default_value=(*c,1);p.inputs['Roughness'].default_value=rough
00:13.899  render           | Saved: '/Users/hyperbox/homebuddy/furniture-catalog-assets/sofa/sofa.png'

Info: Saved as "sofa.blend"
FINISHED 1 sofa
Blender 5.2.0 LTS (hash fbe6228777e7 built 2026-07-14 01:31:22)

Blender quit
