Info: Removed 100 vertices
Info: Removed 100 vertices
Info: Removed 100 vertices
Info: Removed 100 vertices
INFO Draco is available, use library at /Applications/Blender.app/Contents/Resources/5.2/scripts/addons_core/io_scene_gltf2/libbf_intern_draco_bridge.dylib
INFO MeshOptimizer is available, use library at /Applications/Blender.app/Contents/Resources/5.2/scripts/addons_core/io_scene_gltf2/libbf_intern_meshopt_bridge.dylib
12:24:47 | INFO: Starting glTF 2.0 export
12:24:47 | INFO: Extracting primitive: Back cushion perimeter seam
12:24:47 | INFO: Primitives created: 1
12:24:47 | INFO: Extracting primitive: Back cushion perimeter seam.001
12:24:47 | INFO: Primitives created: 1
12:24:47 | INFO: Extracting primitive: Cube.002
12:24:47 | INFO: Primitives created: 1
12:24:47 | INFO: Extracting primitive: Cube.003
12:24:47 | INFO: Primitives created: 1
12:24:47 | INFO: Extracting primitive: Inner arm cover seam
12:24:47 | INFO: Primitives created: 1
12:24:47 | INFO: Extracting primitive: Inner arm cover seam.001
12:24:47 | INFO: Primitives created: 1
12:24:47 | INFO: Extracting primitive: Inset cover seam on arm front
12:24:47 | INFO: Primitives created: 1
12:24:47 | INFO: Extracting primitive: Inset cover seam on arm front.001
12:24:47 | INFO: Primitives created: 1
12:24:47 | INFO: Extracting primitive: Loose back cushion 1
12:24:47 | INFO: Primitives created: 1
12:24:47 | INFO: Extracting primitive: Loose back cushion 2
12:24:47 | INFO: Primitives created: 1
12:24:47 | INFO: Extracting primitive: Loose seat cushion 1
12:24:47 | INFO: Primitives created: 1
12:24:47 | INFO: Extracting primitive: Loose seat cushion 2
12:24:47 | INFO: Primitives created: 1
12:24:47 | INFO: Extracting primitive: Cube.001
12:24:47 | INFO: Primitives created: 1
12:24:47 | INFO: Extracting primitive: Cube.004
12:24:47 | INFO: Primitives created: 1
12:24:47 | INFO: Extracting primitive: Cube.005
12:24:47 | INFO: Primitives created: 1
12:24:47 | INFO: Extracting primitive: Cube.006
12:24:47 | INFO: Primitives created: 1
12:24:47 | INFO: Extracting primitive: Cube.007
12:24:47 | INFO: Primitives created: 1
12:24:47 | INFO: Extracting primitive: Seat cushion bottom welt
12:24:47 | INFO: Primitives created: 1
12:24:47 | INFO: Extracting primitive: Seat cushion bottom welt.001
12:24:47 | INFO: Primitives created: 1
12:24:47 | INFO: Extracting primitive: Seat cushion top welt
12:24:47 | INFO: Primitives created: 1
12:24:47 | INFO: Extracting primitive: Seat cushion top welt.001
12:24:47 | INFO: Primitives created: 1
12:24:47 | INFO: Extracting primitive: Cube
12:24:47 | INFO: Primitives created: 1
12:24:47 | INFO: Finished glTF 2.0 export in 0.09576702117919922 s

Info: Saved as "sofa.blend"
Blender 5.2.0 LTS (hash fbe6228777e7 built 2026-07-14 01:31:22)

Blender quit
