/Users/hyperbox/homebuddy/furniture-catalog-assets/bookshelf/build.py:5: DeprecationWarning: 'Material.use_nodes' is expected to be removed in Blender 6.0
  m=bpy.data.materials.new(name);m.diffuse_color=(*c,1);m.use_nodes=True;m.node_tree.nodes['Principled BSDF'].inputs['Base Color'].default_value=(*c,1);m.node_tree.nodes['Principled BSDF'].inputs['Roughness'].default_value=.8;return m
INFO Draco is available, use library at /Applications/Blender.app/Contents/Resources/5.2/scripts/addons_core/io_scene_gltf2/libbf_intern_draco_bridge.dylib
INFO MeshOptimizer is available, use library at /Applications/Blender.app/Contents/Resources/5.2/scripts/addons_core/io_scene_gltf2/libbf_intern_meshopt_bridge.dylib
11:27:26 | INFO: Starting glTF 2.0 export
11:27:26 | INFO: Extracting primitive: Cube.001
11:27:26 | INFO: Primitives created: 1
11:27:26 | INFO: Extracting primitive: Cube.002
11:27:26 | INFO: Primitives created: 1
11:27:26 | INFO: Extracting primitive: Cube.009
11:27:26 | INFO: Primitives created: 1
11:27:26 | INFO: Extracting primitive: Cube.010
11:27:26 | INFO: Primitives created: 1
11:27:26 | INFO: Extracting primitive: Cube.011
11:27:26 | INFO: Primitives created: 1
11:27:26 | INFO: Extracting primitive: Cube.012
11:27:26 | INFO: Primitives created: 1
11:27:26 | INFO: Extracting primitive: Cube
11:27:26 | INFO: Primitives created: 1
11:27:26 | INFO: Extracting primitive: Cube.008
11:27:26 | INFO: Primitives created: 1
11:27:26 | INFO: Extracting primitive: Cube.013
11:27:26 | INFO: Primitives created: 1
11:27:26 | INFO: Extracting primitive: Cube.014
11:27:26 | INFO: Primitives created: 1
11:27:26 | INFO: Extracting primitive: Cube.015
11:27:26 | INFO: Primitives created: 1
11:27:26 | INFO: Extracting primitive: Cube.016
11:27:26 | INFO: Primitives created: 1
11:27:26 | INFO: Extracting primitive: Cube.017
11:27:26 | INFO: Primitives created: 1
11:27:26 | INFO: Extracting primitive: Cube.003
11:27:26 | INFO: Primitives created: 1
11:27:26 | INFO: Extracting primitive: Cube.004
11:27:26 | INFO: Primitives created: 1
11:27:26 | INFO: Extracting primitive: Cube.005
11:27:26 | INFO: Primitives created: 1
11:27:26 | INFO: Extracting primitive: Cube.006
11:27:26 | INFO: Primitives created: 1
11:27:26 | INFO: Extracting primitive: Cube.007
11:27:26 | INFO: Primitives created: 1
11:27:26 | INFO: Finished glTF 2.0 export in 0.021554946899414062 s
/Users/hyperbox/homebuddy/furniture-catalog-assets/bookshelf/build.py:5: DeprecationWarning: 'Material.use_nodes' is expected to be removed in Blender 6.0
  m=bpy.data.materials.new(name);m.diffuse_color=(*c,1);m.use_nodes=True;m.node_tree.nodes['Principled BSDF'].inputs['Base Color'].default_value=(*c,1);m.node_tree.nodes['Principled BSDF'].inputs['Roughness'].default_value=.8;return m
00:39.814  render           | Saved: '/Users/hyperbox/homebuddy/furniture-catalog-assets/bookshelf/bookshelf.png'

Info: Saved as "bookshelf.blend"
11:28:06 | INFO: Starting glTF 2.0 export
11:28:06 | INFO: Extracting primitive: Mineral sediment line
11:28:06 | INFO: Primitives created: 1
11:28:06 | INFO: Extracting primitive: Mineral sediment line.001
11:28:06 | INFO: Primitives created: 1
11:28:06 | INFO: Extracting primitive: Mineral sediment line.002
11:28:06 | INFO: Primitives created: 1
11:28:06 | INFO: Extracting primitive: Mineral sediment line.003
11:28:06 | INFO: Primitives created: 1
11:28:06 | INFO: Extracting primitive: Mineral sediment line.004
11:28:06 | INFO: Primitives created: 1
11:28:06 | INFO: Extracting primitive: Mineral sediment line.005
11:28:06 | INFO: Primitives created: 1
11:28:06 | INFO: Extracting primitive: Mineral sediment line.006
11:28:06 | INFO: Primitives created: 1
11:28:06 | INFO: Extracting primitive: Mineral sediment line.007
11:28:06 | INFO: Primitives created: 1
11:28:06 | INFO: Extracting primitive: Cylinder
11:28:06 | INFO: Primitives created: 1
11:28:06 | INFO: Extracting primitive: Cylinder.001
11:28:06 | INFO: Primitives created: 1
11:28:06 | INFO: Extracting primitive: Cylinder.002
11:28:06 | INFO: Primitives created: 1
11:28:06 | INFO: Extracting primitive: Circle
11:28:06 | INFO: Primitives created: 1
11:28:06 | INFO: Extracting primitive: Circle.001
11:28:06 | INFO: Primitives created: 1
11:28:06 | INFO: Extracting primitive: Circle.002
11:28:06 | INFO: Primitives created: 1
11:28:06 | INFO: Extracting primitive: Circle.003
11:28:06 | INFO: Primitives created: 1
11:28:06 | INFO: Extracting primitive: Circle.004
11:28:06 | INFO: Primitives created: 1
11:28:06 | INFO: Extracting primitive: Circle.005
11:28:06 | INFO: Primitives created: 1
11:28:06 | INFO: Extracting primitive: Circle.006
11:28:06 | INFO: Primitives created: 1
11:28:06 | INFO: Extracting primitive: Circle.007
11:28:06 | INFO: Primitives created: 1
11:28:06 | INFO: Extracting primitive: Circle.008
11:28:06 | INFO: Primitives created: 1
11:28:06 | INFO: Extracting primitive: Circle.009
11:28:06 | INFO: Primitives created: 1
11:28:06 | INFO: Extracting primitive: Circle.010
11:28:06 | INFO: Primitives created: 1
11:28:06 | INFO: Extracting primitive: Circle.011
11:28:06 | INFO: Primitives created: 1
11:28:06 | INFO: Extracting primitive: Circle.012
11:28:06 | INFO: Primitives created: 1
11:28:06 | INFO: Extracting primitive: Circle.013
11:28:06 | INFO: Primitives created: 1
11:28:06 | INFO: Extracting primitive: Circle.014
11:28:06 | INFO: Primitives created: 1
11:28:06 | INFO: Extracting primitive: Circle.015
11:28:06 | INFO: Primitives created: 1
11:28:06 | INFO: Extracting primitive: Circle.016
11:28:06 | INFO: Primitives created: 1
11:28:06 | INFO: Extracting primitive: Circle.017
11:28:06 | INFO: Primitives created: 1
11:28:06 | INFO: Extracting primitive: Circle.018
11:28:06 | INFO: Primitives created: 1
11:28:06 | INFO: Extracting primitive: Circle.019
11:28:06 | INFO: Primitives created: 1
11:28:06 | INFO: Extracting primitive: Circle.020
11:28:06 | INFO: Primitives created: 1
11:28:06 | INFO: Extracting primitive: Circle.021
11:28:06 | INFO: Primitives created: 1
11:28:06 | INFO: Extracting primitive: Circle.022
11:28:06 | INFO: Primitives created: 1
11:28:06 | INFO: Extracting primitive: Circle.023
11:28:06 | INFO: Primitives created: 1
11:28:06 | INFO: Extracting primitive: Circle.024
11:28:06 | INFO: Primitives created: 1
11:28:06 | INFO: Extracting primitive: Circle.025
11:28:06 | INFO: Primitives created: 1
11:28:06 | INFO: Extracting primitive: Circle.026
11:28:06 | INFO: Primitives created: 1
11:28:06 | INFO: Extracting primitive: Circle.027
11:28:06 | INFO: Primitives created: 1
11:28:06 | INFO: Extracting primitive: Circle.028
11:28:06 | INFO: Primitives created: 1
11:28:06 | INFO: Extracting primitive: Circle.029
11:28:06 | INFO: Primitives created: 1
11:28:06 | INFO: Extracting primitive: Circle.030
11:28:06 | INFO: Primitives created: 1
11:28:06 | INFO: Extracting primitive: Circle.031
11:28:06 | INFO: Primitives created: 1
11:28:06 | INFO: Extracting primitive: Circle.032
11:28:06 | INFO: Primitives created: 1
11:28:06 | INFO: Extracting primitive: Circle.033
11:28:06 | INFO: Primitives created: 1
11:28:06 | INFO: Extracting primitive: Circle.034
11:28:06 | INFO: Primitives created: 1
11:28:06 | INFO: Extracting primitive: Circle.035
11:28:06 | INFO: Primitives created: 1
11:28:06 | INFO: Extracting primitive: Circle.036
11:28:06 | INFO: Primitives created: 1
11:28:06 | INFO: Extracting primitive: Circle.037
11:28:06 | INFO: Primitives created: 1
11:28:06 | INFO: Extracting primitive: Circle.038
11:28:06 | INFO: Primitives created: 1
11:28:06 | INFO: Extracting primitive: Circle.039
11:28:06 | INFO: Primitives created: 1
11:28:06 | INFO: Extracting primitive: Circle.040
11:28:06 | INFO: Primitives created: 1
11:28:06 | INFO: Extracting primitive: Circle.041
11:28:06 | INFO: Primitives created: 1
11:28:06 | INFO: Extracting primitive: Circle.042
11:28:06 | INFO: Primitives created: 1
11:28:06 | INFO: Extracting primitive: Circle.043
11:28:06 | INFO: Primitives created: 1
11:28:06 | INFO: Extracting primitive: Circle.044
11:28:06 | INFO: Primitives created: 1
11:28:06 | INFO: Extracting primitive: Circle.045
11:28:06 | INFO: Primitives created: 1
11:28:06 | INFO: Extracting primitive: Circle.046
11:28:06 | INFO: Primitives created: 1
11:28:06 | INFO: Extracting primitive: Circle.047
11:28:06 | INFO: Primitives created: 1
11:28:06 | INFO: Extracting primitive: Circle.048
11:28:06 | INFO: Primitives created: 1
11:28:06 | INFO: Extracting primitive: Circle.049
11:28:06 | INFO: Primitives created: 1
11:28:06 | INFO: Extracting primitive: Circle.050
11:28:06 | INFO: Primitives created: 1
11:28:06 | INFO: Extracting primitive: Circle.051
11:28:06 | INFO: Primitives created: 1
11:28:06 | INFO: Extracting primitive: Circle.052
11:28:06 | INFO: Primitives created: 1
11:28:06 | INFO: Extracting primitive: Circle.053
11:28:06 | INFO: Primitives created: 1
11:28:06 | INFO: Extracting primitive: Circle.054
11:28:06 | INFO: Primitives created: 1
11:28:06 | INFO: Extracting primitive: Circle.055
11:28:06 | INFO: Primitives created: 1
11:28:06 | INFO: Extracting primitive: Circle.056
11:28:06 | INFO: Primitives created: 1
11:28:06 | INFO: Extracting primitive: Circle.057
11:28:06 | INFO: Primitives created: 1
11:28:06 | INFO: Extracting primitive: Circle.058
11:28:06 | INFO: Primitives created: 1
11:28:06 | INFO: Extracting primitive: Circle.059
11:28:06 | INFO: Primitives created: 1
11:28:06 | INFO: Extracting primitive: Circle.060
11:28:06 | INFO: Primitives created: 1
11:28:06 | INFO: Extracting primitive: Circle.061
11:28:06 | INFO: Primitives created: 1
11:28:06 | INFO: Extracting primitive: Circle.062
11:28:06 | INFO: Primitives created: 1
11:28:06 | INFO: Extracting primitive: Circle.063
11:28:06 | INFO: Primitives created: 1
11:28:06 | INFO: Extracting primitive: Circle.064
11:28:06 | INFO: Primitives created: 1
11:28:06 | INFO: Extracting primitive: Circle.065
11:28:06 | INFO: Primitives created: 1
11:28:06 | INFO: Extracting primitive: Circle.066
11:28:06 | INFO: Primitives created: 1
11:28:06 | INFO: Extracting primitive: Circle.067
11:28:06 | INFO: Primitives created: 1
11:28:06 | INFO: Extracting primitive: Circle.068
11:28:06 | INFO: Primitives created: 1
11:28:06 | INFO: Extracting primitive: Circle.069
11:28:06 | INFO: Primitives created: 1
11:28:06 | INFO: Extracting primitive: Circle.070
11:28:06 | INFO: Primitives created: 1
11:28:06 | INFO: Extracting primitive: Circle.071
11:28:06 | INFO: Primitives created: 1
11:28:06 | INFO: Extracting primitive: Circle.072
11:28:06 | INFO: Primitives created: 1
11:28:06 | INFO: Extracting primitive: Circle.073
11:28:06 | INFO: Primitives created: 1
11:28:06 | INFO: Extracting primitive: Circle.074
11:28:06 | INFO: Primitives created: 1
11:28:06 | INFO: Extracting primitive: Circle.075
11:28:06 | INFO: Primitives created: 1
11:28:06 | INFO: Extracting primitive: Circle.076
11:28:06 | INFO: Primitives created: 1
11:28:06 | INFO: Extracting primitive: Circle.077
11:28:06 | INFO: Primitives created: 1
11:28:06 | INFO: Extracting primitive: Circle.078
11:28:06 | INFO: Primitives created: 1
11:28:06 | INFO: Extracting primitive: Circle.079
11:28:06 | INFO: Primitives created: 1
11:28:06 | INFO: Extracting primitive: Circle.080
11:28:06 | INFO: Primitives created: 1
11:28:06 | INFO: Extracting primitive: Circle.081
11:28:06 | INFO: Primitives created: 1
11:28:06 | INFO: Extracting primitive: Circle.082
11:28:06 | INFO: Primitives created: 1
11:28:06 | INFO: Extracting primitive: Circle.083
11:28:06 | INFO: Primitives created: 1
11:28:06 | INFO: Extracting primitive: Circle.084
11:28:06 | INFO: Primitives created: 1
11:28:06 | INFO: Extracting primitive: Circle.085
11:28:06 | INFO: Primitives created: 1
11:28:06 | INFO: Extracting primitive: Circle.086
11:28:06 | INFO: Primitives created: 1
11:28:06 | INFO: Extracting primitive: Circle.087
11:28:06 | INFO: Primitives created: 1
11:28:06 | INFO: Extracting primitive: Circle.088
11:28:06 | INFO: Primitives created: 1
11:28:06 | INFO: Extracting primitive: Circle.089
11:28:06 | INFO: Primitives created: 1
11:28:06 | INFO: Extracting primitive: Circle.090
11:28:06 | INFO: Primitives created: 1
11:28:06 | INFO: Extracting primitive: Circle.091
11:28:06 | INFO: Primitives created: 1
11:28:06 | INFO: Extracting primitive: Circle.092
11:28:06 | INFO: Primitives created: 1
11:28:06 | INFO: Extracting primitive: Circle.093
11:28:06 | INFO: Primitives created: 1
11:28:06 | INFO: Extracting primitive: Circle.094
11:28:06 | INFO: Primitives created: 1
11:28:06 | INFO: Extracting primitive: Circle.095
11:28:06 | INFO: Primitives created: 1
11:28:06 | INFO: Extracting primitive: Circle.096
11:28:06 | INFO: Primitives created: 1
11:28:06 | INFO: Extracting primitive: Circle.097
11:28:06 | INFO: Primitives created: 1
11:28:06 | INFO: Extracting primitive: Circle.098
11:28:06 | INFO: Primitives created: 1
11:28:06 | INFO: Extracting primitive: Circle.099
11:28:06 | INFO: Primitives created: 1
11:28:06 | INFO: Extracting primitive: Circle.100
11:28:06 | INFO: Primitives created: 1
11:28:06 | INFO: Finished glTF 2.0 export in 0.09030413627624512 s
01:13.589  render           | Saved: '/Users/hyperbox/homebuddy/furniture-catalog-assets/coffee-table/coffee-table.png'

Info: Saved as "coffee-table.blend"
Blender 5.2.0 LTS (hash fbe6228777e7 built 2026-07-14 01:31:22)

Blender quit
