00:00.934  blend            | Read blend: "/Users/hyperbox/homebuddy/furniture-catalog-assets/bookshelf/bookshelf.blend"
INFO Draco is available, use library at /Applications/Blender.app/Contents/Resources/5.2/scripts/addons_core/io_scene_gltf2/libbf_intern_draco_bridge.dylib
INFO MeshOptimizer is available, use library at /Applications/Blender.app/Contents/Resources/5.2/scripts/addons_core/io_scene_gltf2/libbf_intern_meshopt_bridge.dylib
11:28:36 | INFO: Starting glTF 2.0 export
11:28:36 | INFO: Extracting primitive: Cube.001
11:28:36 | INFO: Primitives created: 1
11:28:36 | INFO: Extracting primitive: Cube.002
11:28:36 | INFO: Primitives created: 1
11:28:36 | INFO: Extracting primitive: Cube.009
11:28:36 | INFO: Primitives created: 1
11:28:36 | INFO: Extracting primitive: Cube.010
11:28:36 | INFO: Primitives created: 1
11:28:36 | INFO: Extracting primitive: Cube.011
11:28:36 | INFO: Primitives created: 1
11:28:36 | INFO: Extracting primitive: Cube.012
11:28:36 | INFO: Primitives created: 1
11:28:36 | INFO: Extracting primitive: Cube
11:28:36 | INFO: Primitives created: 1
11:28:36 | INFO: Extracting primitive: Cube.008
11:28:36 | INFO: Primitives created: 1
11:28:36 | INFO: Extracting primitive: Cube.013
11:28:36 | INFO: Primitives created: 1
11:28:36 | INFO: Extracting primitive: Cube.014
11:28:36 | INFO: Primitives created: 1
11:28:36 | INFO: Extracting primitive: Cube.015
11:28:36 | INFO: Primitives created: 1
11:28:36 | INFO: Extracting primitive: Cube.016
11:28:36 | INFO: Primitives created: 1
11:28:36 | INFO: Extracting primitive: Cube.017
11:28:36 | INFO: Primitives created: 1
11:28:36 | INFO: Extracting primitive: Cube.003
11:28:36 | INFO: Primitives created: 1
11:28:36 | INFO: Extracting primitive: Cube.004
11:28:36 | INFO: Primitives created: 1
11:28:36 | INFO: Extracting primitive: Cube.005
11:28:36 | INFO: Primitives created: 1
11:28:36 | INFO: Extracting primitive: Cube.006
11:28:36 | INFO: Primitives created: 1
11:28:36 | INFO: Extracting primitive: Cube.007
11:28:36 | INFO: Primitives created: 1
11:28:36 | INFO: Finished glTF 2.0 export in 0.03252887725830078 s
00:26.218  render           | Saved: '/Users/hyperbox/homebuddy/furniture-catalog-assets/bookshelf/bookshelf.png'

Info: Saved as "bookshelf.blend"
Blender 5.2.0 LTS (hash fbe6228777e7 built 2026-07-14 01:31:22)

Blender quit
