/Users/hyperbox/homebuddy/furniture-catalog-assets/armchair/build.py:7: DeprecationWarning: 'Material.use_nodes' is expected to be removed in Blender 6.0
  m=bpy.data.materials.new(name);m.diffuse_color=(*c,1);m.use_nodes=True;p=m.node_tree.nodes.get('Principled BSDF');p.inputs['Base Color'].default_value=(*c,1);p.inputs['Roughness'].default_value=r;return m
INFO Draco is available, use library at /Applications/Blender.app/Contents/Resources/5.2/scripts/addons_core/io_scene_gltf2/libbf_intern_draco_bridge.dylib
INFO MeshOptimizer is available, use library at /Applications/Blender.app/Contents/Resources/5.2/scripts/addons_core/io_scene_gltf2/libbf_intern_meshopt_bridge.dylib
11:11:45 | INFO: Starting glTF 2.0 export
11:11:45 | INFO: Extracting primitive: Back cushion stitched welt
11:11:45 | INFO: Primitives created: 1
11:11:45 | INFO: Extracting primitive: Cube.014
11:11:45 | INFO: Primitives created: 1
11:11:45 | INFO: Extracting primitive: Sphere
11:11:45 | INFO: Primitives created: 1
11:11:45 | INFO: Extracting primitive: Sphere.001
11:11:45 | INFO: Primitives created: 1
11:11:45 | INFO: Extracting primitive: Sphere.002
11:11:45 | INFO: Primitives created: 1
11:11:45 | INFO: Extracting primitive: Sphere.003
11:11:45 | INFO: Primitives created: 1
11:11:45 | INFO: Extracting primitive: Cube
11:11:45 | INFO: Primitives created: 1
11:11:45 | INFO: Extracting primitive: Cube.005
11:11:45 | INFO: Primitives created: 1
11:11:45 | INFO: Extracting primitive: Cube.004
11:11:45 | INFO: Primitives created: 1
11:11:45 | INFO: Extracting primitive: Cube.009
11:11:45 | INFO: Primitives created: 1
11:11:45 | INFO: Extracting primitive: Cube.001
11:11:45 | INFO: Primitives created: 1
11:11:45 | INFO: Extracting primitive: Cube.006
11:11:45 | INFO: Primitives created: 1
11:11:45 | INFO: Extracting primitive: Cube.015
11:11:45 | INFO: Primitives created: 1
11:11:45 | INFO: Extracting primitive: Cube.002
11:11:45 | INFO: Primitives created: 1
11:11:45 | INFO: Extracting primitive: Cube.007
11:11:45 | INFO: Primitives created: 1
11:11:45 | INFO: Extracting primitive: Cube.003
11:11:45 | INFO: Primitives created: 1
11:11:45 | INFO: Extracting primitive: Cube.008
11:11:45 | INFO: Primitives created: 1
11:11:45 | INFO: Extracting primitive: Tailored cushion welt
11:11:45 | INFO: Primitives created: 1
11:11:45 | INFO: Extracting primitive: Cube.012
11:11:45 | INFO: Primitives created: 1
11:11:45 | INFO: Extracting primitive: Cube.013
11:11:45 | INFO: Primitives created: 1
11:11:45 | INFO: Extracting primitive: Cube.010
11:11:45 | INFO: Primitives created: 1
11:11:45 | INFO: Extracting primitive: Cube.011
11:11:45 | INFO: Primitives created: 1
11:11:45 | INFO: Finished glTF 2.0 export in 0.03658413887023926 s
/Users/hyperbox/homebuddy/furniture-catalog-assets/armchair/build.py:7: DeprecationWarning: 'Material.use_nodes' is expected to be removed in Blender 6.0
  m=bpy.data.materials.new(name);m.diffuse_color=(*c,1);m.use_nodes=True;p=m.node_tree.nodes.get('Principled BSDF');p.inputs['Base Color'].default_value=(*c,1);p.inputs['Roughness'].default_value=r;return m
00:26.193  render           | Saved: '/Users/hyperbox/homebuddy/furniture-catalog-assets/armchair/armchair.png'

Info: Saved as "armchair.blend"
Blender 5.2.0 LTS (hash fbe6228777e7 built 2026-07-14 01:31:22)

Blender quit
