00:05.326  blend            | Read blend: "/Users/hyperbox/homebuddy/ikea-catalog-assets/sofa/sofa.blend"
00:05.519  blend            | Read blend: "/Users/hyperbox/homebuddy/ikea-catalog-assets/dresser/dresser.blend"
00:05.537  blend            | Read blend: "/Users/hyperbox/homebuddy/ikea-catalog-assets/coffee-table/coffee-table.blend"
00:05.559  blend            | Read blend: "/Users/hyperbox/homebuddy/ikea-catalog-assets/bed/bed.blend"
00:05.585  blend            | Read blend: "/Users/hyperbox/homebuddy/ikea-catalog-assets/nightstand/nightstand.blend"
00:05.607  blend            | Read blend: "/Users/hyperbox/homebuddy/ikea-catalog-assets/armchair/armchair.blend"
00:05.651  blend            | Read blend: "/Users/hyperbox/homebuddy/ikea-catalog-assets/bookshelf/bookshelf.blend"
00:05.672  blend            | Read blend: "/Users/hyperbox/homebuddy/ikea-catalog-assets/dining-table/dining-table.blend"
00:05.707  blend            | Read blend: "/Users/hyperbox/homebuddy/ikea-catalog-assets/floor-lamp/floor-lamp.blend"
Info: Saved as "sofa.blend"
Info: Saved as "dresser.blend"
Info: Saved as "coffee-table.blend"
Info: Saved as "bed.blend"
Info: Saved as "nightstand.blend"
Info: Saved as "armchair.blend"
Info: Saved as "bookshelf.blend"
Info: Saved as "dining-table.blend"
Info: Saved as "floor-lamp.blend"
COMPATIBLE SETTINGS GROUPS
Blender 5.2.0 LTS (hash fbe6228777e7 built 2026-07-14 01:31:22)

Blender quit
