/Users/hyperbox/homebuddy/furniture-catalog-assets/nightstand/build.py:7: DeprecationWarning: 'Material.use_nodes' is expected to be removed in Blender 6.0
  m=bpy.data.materials.new(name);m.diffuse_color=(*c,1);m.use_nodes=True;p=m.node_tree.nodes.get('Principled BSDF');p.inputs['Base Color'].default_value=(*c,1);p.inputs['Roughness'].default_value=r;return m
INFO Draco is available, use library at /Applications/Blender.app/Contents/Resources/5.2/scripts/addons_core/io_scene_gltf2/libbf_intern_draco_bridge.dylib
INFO MeshOptimizer is available, use library at /Applications/Blender.app/Contents/Resources/5.2/scripts/addons_core/io_scene_gltf2/libbf_intern_meshopt_bridge.dylib
11:27:27 | INFO: Starting glTF 2.0 export
11:27:27 | INFO: Extracting primitive: Cube.012
11:27:27 | INFO: Primitives created: 1
11:27:27 | INFO: Extracting primitive: Cube.014
11:27:27 | INFO: Primitives created: 1
11:27:27 | INFO: Extracting primitive: Cube.016
11:27:27 | INFO: Primitives created: 1
11:27:27 | INFO: Extracting primitive: Cube.018
11:27:27 | INFO: Primitives created: 1
11:27:27 | INFO: Extracting primitive: Cube.008
11:27:27 | INFO: Primitives created: 1
11:27:27 | INFO: Extracting primitive: Cube.009
11:27:27 | INFO: Primitives created: 1
11:27:27 | INFO: Extracting primitive: Cube.006
11:27:27 | INFO: Primitives created: 1
11:27:27 | INFO: Extracting primitive: Cube.005
11:27:27 | INFO: Primitives created: 1
11:27:27 | INFO: Extracting primitive: Cube.007
11:27:27 | INFO: Primitives created: 1
11:27:27 | INFO: Extracting primitive: Cube.004
11:27:27 | INFO: Primitives created: 1
11:27:27 | INFO: Extracting primitive: Cube.010
11:27:27 | INFO: Primitives created: 1
11:27:27 | INFO: Extracting primitive: Cube.002
11:27:27 | INFO: Primitives created: 1
11:27:27 | INFO: Extracting primitive: Cube.003
11:27:27 | INFO: Primitives created: 1
11:27:27 | INFO: Extracting primitive: Cube
11:27:27 | INFO: Primitives created: 1
11:27:27 | INFO: Extracting primitive: Cube.011
11:27:27 | INFO: Primitives created: 1
11:27:27 | INFO: Extracting primitive: Cube.013
11:27:27 | INFO: Primitives created: 1
11:27:27 | INFO: Extracting primitive: Cube.015
11:27:27 | INFO: Primitives created: 1
11:27:27 | INFO: Extracting primitive: Cube.017
11:27:27 | INFO: Primitives created: 1
11:27:27 | INFO: Extracting primitive: Cube.001
11:27:27 | INFO: Primitives created: 1
11:27:27 | INFO: Finished glTF 2.0 export in 0.037732839584350586 s
/Users/hyperbox/homebuddy/furniture-catalog-assets/nightstand/build.py:7: DeprecationWarning: 'Material.use_nodes' is expected to be removed in Blender 6.0
  m=bpy.data.materials.new(name);m.diffuse_color=(*c,1);m.use_nodes=True;p=m.node_tree.nodes.get('Principled BSDF');p.inputs['Base Color'].default_value=(*c,1);p.inputs['Roughness'].default_value=r;return m
00:36.583  render           | Saved: '/Users/hyperbox/homebuddy/furniture-catalog-assets/nightstand/nightstand.png'

Info: Saved as "nightstand.blend"
Blender 5.2.0 LTS (hash fbe6228777e7 built 2026-07-14 01:31:22)

Blender quit
