/Users/hyperbox/homebuddy/ikea-catalog-assets/bed/build_all.py:6: DeprecationWarning: 'Material.use_nodes' is expected to be removed in Blender 6.0
  m=bpy.data.materials.new(n);m.diffuse_color=(*c,1);m.use_nodes=True;p=m.node_tree.nodes.get('Principled BSDF');p.inputs['Base Color'].default_value=(*c,1);p.inputs['Roughness'].default_value=r;return m
INFO Draco is available, use library at /Applications/Blender.app/Contents/Resources/5.2/scripts/addons_core/io_scene_gltf2/libbf_intern_draco_bridge.dylib
INFO MeshOptimizer is available, use library at /Applications/Blender.app/Contents/Resources/5.2/scripts/addons_core/io_scene_gltf2/libbf_intern_meshopt_bridge.dylib
11:51:14 | INFO: Starting glTF 2.0 export
11:51:14 | INFO: Extracting primitive: Cube.005
11:51:14 | INFO: Primitives created: 1
11:51:14 | INFO: Extracting primitive: Cube.002
11:51:14 | INFO: Primitives created: 1
11:51:14 | INFO: Extracting primitive: Cube.003
11:51:14 | INFO: Primitives created: 1
11:51:14 | INFO: Extracting primitive: Cube
11:51:14 | INFO: Primitives created: 1
11:51:14 | INFO: Extracting primitive: Cube.001
11:51:14 | INFO: Primitives created: 1
11:51:14 | INFO: Extracting primitive: Cube.004
11:51:14 | INFO: Primitives created: 1
11:51:14 | INFO: Finished glTF 2.0 export in 0.04128885269165039 s
/Users/hyperbox/homebuddy/ikea-catalog-assets/bed/build_all.py:6: DeprecationWarning: 'Material.use_nodes' is expected to be removed in Blender 6.0
  m=bpy.data.materials.new(n);m.diffuse_color=(*c,1);m.use_nodes=True;p=m.node_tree.nodes.get('Principled BSDF');p.inputs['Base Color'].default_value=(*c,1);p.inputs['Roughness'].default_value=r;return m
00:35.253  render           | Saved: '/Users/hyperbox/homebuddy/ikea-catalog-assets/bed/bed.png'

Info: Saved as "bed.blend"
FINISHED bed
11:51:48 | INFO: Starting glTF 2.0 export
11:51:48 | INFO: Extracting primitive: Cube.004
11:51:48 | INFO: Primitives created: 1
11:51:48 | INFO: Extracting primitive: Cube.005
11:51:48 | INFO: Primitives created: 1
11:51:48 | INFO: Extracting primitive: Cube.018
11:51:48 | INFO: Primitives created: 1
11:51:48 | INFO: Extracting primitive: Cube.019
11:51:48 | INFO: Primitives created: 1
11:51:48 | INFO: Extracting primitive: Cube.020
11:51:48 | INFO: Primitives created: 1
11:51:48 | INFO: Extracting primitive: Cube.021
11:51:48 | INFO: Primitives created: 1
11:51:48 | INFO: Extracting primitive: Cube.022
11:51:48 | INFO: Primitives created: 1
11:51:48 | INFO: Extracting primitive: Cube.023
11:51:48 | INFO: Primitives created: 1
11:51:48 | INFO: Extracting primitive: Cube.001
11:51:48 | INFO: Primitives created: 1
11:51:48 | INFO: Extracting primitive: Cube.006
11:51:48 | INFO: Primitives created: 1
11:51:48 | INFO: Extracting primitive: Cube.008
11:51:48 | INFO: Primitives created: 1
11:51:48 | INFO: Extracting primitive: Cube.010
11:51:48 | INFO: Primitives created: 1
11:51:48 | INFO: Extracting primitive: Cube.014
11:51:48 | INFO: Primitives created: 1
11:51:48 | INFO: Extracting primitive: Cube.012
11:51:48 | INFO: Primitives created: 1
11:51:48 | INFO: Extracting primitive: Cube.016
11:51:48 | INFO: Primitives created: 1
11:51:48 | INFO: Extracting primitive: Cube.002
11:51:48 | INFO: Primitives created: 1
11:51:48 | INFO: Extracting primitive: Cube.003
11:51:48 | INFO: Primitives created: 1
11:51:48 | INFO: Extracting primitive: Cube.007
11:51:48 | INFO: Primitives created: 1
11:51:48 | INFO: Extracting primitive: Cube.009
11:51:48 | INFO: Primitives created: 1
11:51:48 | INFO: Extracting primitive: Cube.011
11:51:48 | INFO: Primitives created: 1
11:51:48 | INFO: Extracting primitive: Cube.013
11:51:48 | INFO: Primitives created: 1
11:51:48 | INFO: Extracting primitive: Cube.015
11:51:48 | INFO: Primitives created: 1
11:51:48 | INFO: Extracting primitive: Cube.017
11:51:48 | INFO: Primitives created: 1
11:51:48 | INFO: Extracting primitive: Cube
11:51:48 | INFO: Primitives created: 1
11:51:48 | INFO: Finished glTF 2.0 export in 0.0553441047668457 s
01:05.086  render           | Saved: '/Users/hyperbox/homebuddy/ikea-catalog-assets/dresser/dresser.png'

Info: Saved as "dresser.blend"
FINISHED dresser
11:52:18 | INFO: Starting glTF 2.0 export
11:52:18 | INFO: Extracting primitive: Cube.008
11:52:18 | INFO: Primitives created: 1
11:52:18 | INFO: Extracting primitive: Cube.010
11:52:18 | INFO: Primitives created: 1
11:52:18 | INFO: Extracting primitive: Cube.009
11:52:18 | INFO: Primitives created: 1
11:52:18 | INFO: Extracting primitive: Cube.005
11:52:18 | INFO: Primitives created: 1
11:52:18 | INFO: Extracting primitive: Cube
11:52:18 | INFO: Primitives created: 1
11:52:18 | INFO: Extracting primitive: Sphere
11:52:18 | INFO: Primitives created: 1
11:52:18 | INFO: Extracting primitive: Cube.001
11:52:18 | INFO: Primitives created: 1
11:52:18 | INFO: Extracting primitive: Cube.002
11:52:18 | INFO: Primitives created: 1
11:52:18 | INFO: Extracting primitive: Cube.003
11:52:18 | INFO: Primitives created: 1
11:52:18 | INFO: Extracting primitive: Cube.004
11:52:18 | INFO: Primitives created: 1
11:52:18 | INFO: Extracting primitive: Cube.006
11:52:18 | INFO: Primitives created: 1
11:52:18 | INFO: Extracting primitive: Cube.007
11:52:18 | INFO: Primitives created: 1
11:52:18 | INFO: Finished glTF 2.0 export in 0.11246895790100098 s
01:40.972  render           | Saved: '/Users/hyperbox/homebuddy/ikea-catalog-assets/nightstand/nightstand.png'

Info: Saved as "nightstand.blend"
FINISHED nightstand
Blender 5.2.0 LTS (hash fbe6228777e7 built 2026-07-14 01:31:22)

Blender quit
