/Users/hyperbox/homebuddy/ikea-catalog-assets/bed/refine.py:6: DeprecationWarning: 'Material.use_nodes' is expected to be removed in Blender 6.0
  m=bpy.data.materials.new(n);m.use_nodes=True;p=m.node_tree.nodes.get('Principled BSDF');p.inputs['Base Color'].default_value=(*[lin(v) for v in c],1);p.inputs['Roughness'].default_value=r;m.diffuse_color=p.inputs['Base Color'].default_value;return m
Info: Applied modifier was not first, result may not be as expected
INFO Draco is available, use library at /Applications/Blender.app/Contents/Resources/5.2/scripts/addons_core/io_scene_gltf2/libbf_intern_draco_bridge.dylib
INFO MeshOptimizer is available, use library at /Applications/Blender.app/Contents/Resources/5.2/scripts/addons_core/io_scene_gltf2/libbf_intern_meshopt_bridge.dylib
12:11:17 | INFO: Starting glTF 2.0 export
12:11:17 | INFO: Extracting primitive: Cube.005
12:11:17 | INFO: Primitives created: 1
12:11:17 | INFO: Extracting primitive: Cube.002
12:11:17 | INFO: Primitives created: 1
12:11:17 | INFO: Extracting primitive: Cube.003
12:11:17 | INFO: Primitives created: 1
12:11:17 | INFO: Extracting primitive: Cube
12:11:17 | INFO: Primitives created: 1
12:11:17 | INFO: Extracting primitive: Cube.001
12:11:17 | INFO: Primitives created: 1
12:11:17 | INFO: Extracting primitive: Cube.004
12:11:17 | INFO: Primitives created: 1
12:11:17 | INFO: Finished glTF 2.0 export in 0.030118942260742188 s
/Users/hyperbox/homebuddy/ikea-catalog-assets/bed/refine.py:23: DeprecationWarning: 'World.use_nodes' is expected to be removed in Blender 6.0
  s=bpy.context.scene;s.world=bpy.data.worlds.new('Neutral daylight');s.world.use_nodes=True;s.world.node_tree.nodes['Background'].inputs[0].default_value=(1,1,1,1);s.world.node_tree.nodes['Background'].inputs[1].default_value=.75
00:18.626  render           | Saved: '/Users/hyperbox/homebuddy/ikea-catalog-assets/bed/bed.png'

Info: Saved as "bed.blend"
12:11:35 | INFO: Data are loaded, start creating Blender stuff
12:11:35 | INFO: Blender create Mesh node Cube.005
12:11:35 | INFO: Blender create Mesh node Cube.002
12:11:35 | INFO: Blender create Mesh node Cube.003
12:11:35 | INFO: Blender create Mesh node Cube
12:11:35 | INFO: Blender create Mesh node Cube.001
12:11:35 | INFO: Blender create Mesh node Cube.004
12:11:35 | INFO: glTF import finished in 0.09s
00:39.491  render           | Saved: '/Users/hyperbox/homebuddy/ikea-catalog-assets/bed/roundtrip.png'
FINISHED bed
12:11:55 | INFO: Starting glTF 2.0 export
12:11:55 | INFO: Extracting primitive: Cube.024
12:11:55 | INFO: Primitives created: 1
12:11:55 | INFO: Extracting primitive: Cube.025
12:11:55 | INFO: Primitives created: 1
12:11:55 | INFO: Extracting primitive: Cube.026
12:11:55 | INFO: Primitives created: 1
12:11:55 | INFO: Extracting primitive: Cube.027
12:11:55 | INFO: Primitives created: 1
12:11:55 | INFO: Extracting primitive: Cube.028
12:11:55 | INFO: Primitives created: 1
12:11:55 | INFO: Extracting primitive: Cube.029
12:11:55 | INFO: Primitives created: 1
12:11:55 | INFO: Extracting primitive: Cube.007
12:11:55 | INFO: Primitives created: 1
12:11:55 | INFO: Extracting primitive: Cube.010
12:11:55 | INFO: Primitives created: 1
12:11:55 | INFO: Extracting primitive: Cube.013
12:11:55 | INFO: Primitives created: 1
12:11:55 | INFO: Extracting primitive: Cube.016
12:11:55 | INFO: Primitives created: 1
12:11:55 | INFO: Extracting primitive: Cube.019
12:11:55 | INFO: Primitives created: 1
12:11:55 | INFO: Extracting primitive: Cube.022
12:11:55 | INFO: Primitives created: 1
12:11:55 | INFO: Extracting primitive: Cube.008
12:11:55 | INFO: Primitives created: 1
12:11:55 | INFO: Extracting primitive: Cube.011
12:11:55 | INFO: Primitives created: 1
12:11:55 | INFO: Extracting primitive: Cube.014
12:11:55 | INFO: Primitives created: 1
12:11:55 | INFO: Extracting primitive: Cube.017
12:11:55 | INFO: Primitives created: 1
12:11:55 | INFO: Extracting primitive: Cube.020
12:11:55 | INFO: Primitives created: 1
12:11:55 | INFO: Extracting primitive: Cube.023
12:11:55 | INFO: Primitives created: 1
12:11:55 | INFO: Extracting primitive: Cube.005
12:11:55 | INFO: Primitives created: 1
12:11:55 | INFO: Extracting primitive: Cube.001
12:11:55 | INFO: Primitives created: 1
12:11:55 | INFO: Extracting primitive: Cube.006
12:11:55 | INFO: Primitives created: 1
12:11:55 | INFO: Extracting primitive: Cube.009
12:11:55 | INFO: Primitives created: 1
12:11:55 | INFO: Extracting primitive: Cube.012
12:11:55 | INFO: Primitives created: 1
12:11:55 | INFO: Extracting primitive: Cube.018
12:11:55 | INFO: Primitives created: 1
12:11:55 | INFO: Extracting primitive: Cube.015
12:11:55 | INFO: Primitives created: 1
12:11:55 | INFO: Extracting primitive: Cube.021
12:11:55 | INFO: Primitives created: 1
12:11:55 | INFO: Extracting primitive: Cube.002
12:11:55 | INFO: Primitives created: 1
12:11:55 | INFO: Extracting primitive: Cube.003
12:11:55 | INFO: Primitives created: 1
12:11:55 | INFO: Extracting primitive: Cube.004
12:11:55 | INFO: Primitives created: 1
12:11:55 | INFO: Extracting primitive: Cube
12:11:55 | INFO: Primitives created: 1
12:11:55 | INFO: Finished glTF 2.0 export in 0.07214713096618652 s
01:03.901  render           | Saved: '/Users/hyperbox/homebuddy/ikea-catalog-assets/dresser/dresser.png'

Info: Saved as "dresser.blend"
12:12:20 | INFO: Data are loaded, start creating Blender stuff
12:12:20 | INFO: Blender create Mesh node Cube.024
12:12:20 | INFO: Blender create Mesh node Cube.025
12:12:20 | INFO: Blender create Mesh node Cube.026
12:12:20 | INFO: Blender create Mesh node Cube.027
12:12:20 | INFO: Blender create Mesh node Cube.028
12:12:20 | INFO: Blender create Mesh node Cube.029
12:12:20 | INFO: Blender create Mesh node Cube.007
12:12:20 | INFO: Blender create Mesh node Cube.010
12:12:20 | INFO: Blender create Mesh node Cube.013
12:12:20 | INFO: Blender create Mesh node Cube.016
12:12:20 | INFO: Blender create Mesh node Cube.019
12:12:20 | INFO: Blender create Mesh node Cube.022
12:12:20 | INFO: Blender create Mesh node Cube.008
12:12:20 | INFO: Blender create Mesh node Cube.011
12:12:20 | INFO: Blender create Mesh node Cube.014
12:12:20 | INFO: Blender create Mesh node Cube.017
12:12:20 | INFO: Blender create Mesh node Cube.020
12:12:20 | INFO: Blender create Mesh node Cube.023
12:12:20 | INFO: Blender create Mesh node Cube.005
12:12:20 | INFO: Blender create Mesh node Cube.001
12:12:20 | INFO: Blender create Mesh node Cube.006
12:12:20 | INFO: Blender create Mesh node Cube.009
12:12:20 | INFO: Blender create Mesh node Cube.012
12:12:20 | INFO: Blender create Mesh node Cube.018
12:12:20 | INFO: Blender create Mesh node Cube.015
12:12:20 | INFO: Blender create Mesh node Cube.021
12:12:20 | INFO: Blender create Mesh node Cube.002
12:12:20 | INFO: Blender create Mesh node Cube.003
12:12:20 | INFO: Blender create Mesh node Cube.004
12:12:20 | INFO: Blender create Mesh node Cube
12:12:20 | INFO: glTF import finished in 0.04s
01:30.896  render           | Saved: '/Users/hyperbox/homebuddy/ikea-catalog-assets/dresser/roundtrip.png'
FINISHED dresser
12:12:47 | INFO: Starting glTF 2.0 export
12:12:47 | INFO: Extracting primitive: Cylinder
12:12:47 | INFO: Primitives created: 1
12:12:47 | INFO: Extracting primitive: Cylinder.001
12:12:47 | INFO: Primitives created: 1
12:12:47 | INFO: Extracting primitive: Cylinder.002
12:12:47 | INFO: Primitives created: 1
12:12:47 | INFO: Extracting primitive: Cylinder.003
12:12:47 | INFO: Primitives created: 1
12:12:47 | INFO: Extracting primitive: Cube.008
12:12:47 | INFO: Primitives created: 1
12:12:47 | INFO: Extracting primitive: Cube.010
12:12:47 | INFO: Primitives created: 1
12:12:47 | INFO: Extracting primitive: Cube.006
12:12:47 | INFO: Primitives created: 1
12:12:47 | INFO: Extracting primitive: Cube.007
12:12:47 | INFO: Primitives created: 1
12:12:47 | INFO: Extracting primitive: Cube.011
12:12:47 | INFO: Primitives created: 1
12:12:47 | INFO: Extracting primitive: Cube.005
12:12:47 | INFO: Primitives created: 1
12:12:47 | INFO: Extracting primitive: Sphere
12:12:47 | INFO: Primitives created: 1
12:12:47 | INFO: Extracting primitive: Cube.009
12:12:47 | INFO: Primitives created: 1
12:12:47 | INFO: Extracting primitive: Cube.001
12:12:47 | INFO: Primitives created: 1
12:12:47 | INFO: Extracting primitive: Cube.002
12:12:47 | INFO: Primitives created: 1
12:12:47 | INFO: Extracting primitive: Cube.003
12:12:47 | INFO: Primitives created: 1
12:12:47 | INFO: Extracting primitive: Cube.004
12:12:47 | INFO: Primitives created: 1
12:12:47 | INFO: Extracting primitive: Cube
12:12:47 | INFO: Primitives created: 1
12:12:47 | INFO: Extracting primitive: Cylinder.004
12:12:47 | INFO: Primitives created: 1
12:12:47 | INFO: Finished glTF 2.0 export in 0.041690826416015625 s
02:04.575  render           | Saved: '/Users/hyperbox/homebuddy/ikea-catalog-assets/nightstand/nightstand.png'

Info: Saved as "nightstand.blend"
12:13:21 | INFO: Data are loaded, start creating Blender stuff
12:13:21 | INFO: Blender create Mesh node Cylinder
12:13:21 | INFO: Blender create Mesh node Cylinder.001
12:13:21 | INFO: Blender create Mesh node Cylinder.002
12:13:21 | INFO: Blender create Mesh node Cylinder.003
12:13:21 | INFO: Blender create Mesh node Cube.008
12:13:21 | INFO: Blender create Mesh node Cube.010
12:13:21 | INFO: Blender create Mesh node Cube.006
12:13:21 | INFO: Blender create Mesh node Cube.007
12:13:21 | INFO: Blender create Mesh node Cube.011
12:13:21 | INFO: Blender create Mesh node Cube.005
12:13:21 | INFO: Blender create Mesh node Sphere
12:13:21 | INFO: Blender create Mesh node Cube.009
12:13:21 | INFO: Blender create Mesh node Cube.001
12:13:21 | INFO: Blender create Mesh node Cube.002
12:13:21 | INFO: Blender create Mesh node Cube.003
12:13:21 | INFO: Blender create Mesh node Cube.004
12:13:21 | INFO: Blender create Mesh node Cube
12:13:21 | INFO: Blender create Mesh node Cylinder.004
12:13:21 | INFO: glTF import finished in 0.14s
03:06.616  render           | Saved: '/Users/hyperbox/homebuddy/ikea-catalog-assets/nightstand/roundtrip.png'
FINISHED nightstand
Blender 5.2.0 LTS (hash fbe6228777e7 built 2026-07-14 01:31:22)

Blender quit
