00:06.662  blend            | Read blend: "/Users/hyperbox/homebuddy/ikea-catalog-assets/armchair/armchair.blend"
Info: Baking map saved to internal image, save it externally or pack it
Info: Baking map saved to internal image, save it externally or pack it
Info: Baking map saved to internal image, save it externally or pack it
Info: Baking map saved to internal image, save it externally or pack it
Info: Baking map saved to internal image, save it externally or pack it
Info: Baking map saved to internal image, save it externally or pack it
Info: Baking map saved to internal image, save it externally or pack it
Info: Baking map saved to internal image, save it externally or pack it
Info: Baking map saved to internal image, save it externally or pack it
Info: Baking map saved to internal image, save it externally or pack it
Info: Baking map saved to internal image, save it externally or pack it
Info: Baking map saved to internal image, save it externally or pack it
Info: Baking map saved to internal image, save it externally or pack it
Info: Baking map saved to internal image, save it externally or pack it
Info: Baking map saved to internal image, save it externally or pack it
Info: Baking map saved to internal image, save it externally or pack it
INFO Draco is available, use library at /Applications/Blender.app/Contents/Resources/5.2/scripts/addons_core/io_scene_gltf2/libbf_intern_draco_bridge.dylib
INFO MeshOptimizer is available, use library at /Applications/Blender.app/Contents/Resources/5.2/scripts/addons_core/io_scene_gltf2/libbf_intern_meshopt_bridge.dylib
13:03:46 | INFO: Starting glTF 2.0 export
13:03:46 | INFO: Extracting primitive: Back side panel sewing
13:03:46 | INFO: Primitives created: 1
13:03:46 | INFO: Extracting primitive: Back side panel sewing.001
13:03:46 | INFO: Primitives created: 1
13:03:46 | INFO: Extracting primitive: Cube.010
13:03:47 | INFO: Primitives created: 1
13:03:47 | INFO: Extracting primitive: Cube.003
13:03:47 | INFO: Primitives created: 1
13:03:47 | INFO: Extracting primitive: Cube.008
13:03:47 | INFO: Primitives created: 1
13:03:47 | INFO: Extracting primitive: Fixed seat with squared lower apron
13:03:48 | INFO: Primitives created: 1
13:03:48 | INFO: Extracting primitive: Cube
13:03:48 | INFO: Primitives created: 1
13:03:48 | INFO: Extracting primitive: Cube.005
13:03:48 | INFO: Primitives created: 1
13:03:48 | INFO: Extracting primitive: Cube.001
13:03:48 | INFO: Primitives created: 1
13:03:48 | INFO: Extracting primitive: Cube.006
13:03:48 | INFO: Primitives created: 1
13:03:48 | INFO: Extracting primitive: Cube.002
13:03:48 | INFO: Primitives created: 1
13:03:48 | INFO: Extracting primitive: Cube.007
13:03:48 | INFO: Primitives created: 1
13:03:48 | INFO: Extracting primitive: Cube.011
13:03:48 | INFO: Primitives created: 1
13:03:48 | INFO: Extracting primitive: Cube.004
13:03:48 | INFO: Primitives created: 1
13:03:48 | INFO: Extracting primitive: Cube.009
13:03:48 | INFO: Primitives created: 1
13:03:48 | INFO: Extracting primitive: Cube.012
13:03:48 | INFO: Primitives created: 1
13:03:48 | INFO: Finished glTF 2.0 export in 1.9256939888000488 s

Info: Saved as "armchair.blend"
BAKED armchair 4585540 bytes
Blender 5.2.0 LTS (hash fbe6228777e7 built 2026-07-14 01:31:22)

Blender quit
00:10.177  blend            | Read blend: "/Users/hyperbox/homebuddy/ikea-catalog-assets/armchair/armchair.blend"
/Users/hyperbox/homebuddy/ikea-catalog-assets/filter_ao_exports.py:7: DeprecationWarning: 'Material.use_nodes' is expected to be removed in Blender 6.0
  if m.use_nodes:
INFO Draco is available, use library at /Applications/Blender.app/Contents/Resources/5.2/scripts/addons_core/io_scene_gltf2/libbf_intern_draco_bridge.dylib
INFO MeshOptimizer is available, use library at /Applications/Blender.app/Contents/Resources/5.2/scripts/addons_core/io_scene_gltf2/libbf_intern_meshopt_bridge.dylib
13:04:22 | INFO: Starting glTF 2.0 export
13:04:23 | INFO: Extracting primitive: Back side panel sewing
13:04:26 | INFO: Primitives created: 1
13:04:27 | INFO: Extracting primitive: Back side panel sewing.001
13:04:27 | INFO: Primitives created: 1
13:04:27 | INFO: Extracting primitive: Cube.010
13:04:27 | INFO: Primitives created: 1
13:04:27 | INFO: Extracting primitive: Cube.003
13:04:27 | INFO: Primitives created: 1
13:04:27 | INFO: Extracting primitive: Cube.008
13:04:27 | INFO: Primitives created: 1
13:04:27 | INFO: Extracting primitive: Fixed seat with squared lower apron
13:04:28 | INFO: Primitives created: 1
13:04:28 | INFO: Extracting primitive: Cube
13:04:28 | INFO: Primitives created: 1
13:04:28 | INFO: Extracting primitive: Cube.005
13:04:28 | INFO: Primitives created: 1
13:04:28 | INFO: Extracting primitive: Cube.001
13:04:28 | INFO: Primitives created: 1
13:04:28 | INFO: Extracting primitive: Cube.006
13:04:28 | INFO: Primitives created: 1
13:04:28 | INFO: Extracting primitive: Cube.002
13:04:28 | INFO: Primitives created: 1
13:04:28 | INFO: Extracting primitive: Cube.007
13:04:28 | INFO: Primitives created: 1
13:04:28 | INFO: Extracting primitive: Cube.011
13:04:28 | INFO: Primitives created: 1
13:04:28 | INFO: Extracting primitive: Cube.004
13:04:28 | INFO: Primitives created: 1
13:04:28 | INFO: Extracting primitive: Cube.009
13:04:28 | INFO: Primitives created: 1
13:04:28 | INFO: Extracting primitive: Cube.012
13:04:28 | INFO: Primitives created: 1
13:04:28 | INFO: Finished glTF 2.0 export in 6.266133069992065 s

Info: Saved as "armchair.blend"
FILTERED armchair
Blender 5.2.0 LTS (hash fbe6228777e7 built 2026-07-14 01:31:22)

Blender quit
