/Users/hyperbox/homebuddy/ikea-catalog-assets/floor-lamp/build.py:5: DeprecationWarning: 'Material.use_nodes' is expected to be removed in Blender 6.0
  m=bpy.data.materials.new(name);m.diffuse_color=(*c,1);m.use_nodes=True;p=m.node_tree.nodes.get('Principled BSDF');p.inputs['Base Color'].default_value=(*c,1);p.inputs['Metallic'].default_value=metallic;p.inputs['Roughness'].default_value=rough;return m
INFO Draco is available, use library at /Applications/Blender.app/Contents/Resources/5.2/scripts/addons_core/io_scene_gltf2/libbf_intern_draco_bridge.dylib
INFO MeshOptimizer is available, use library at /Applications/Blender.app/Contents/Resources/5.2/scripts/addons_core/io_scene_gltf2/libbf_intern_meshopt_bridge.dylib
11:50:48 | INFO: Starting glTF 2.0 export
11:50:48 | INFO: Extracting primitive: Cylinder.001
11:50:48 | INFO: Primitives created: 1
11:50:48 | INFO: Extracting primitive: Cylinder.004
11:50:48 | INFO: Primitives created: 1
11:50:48 | INFO: Extracting primitive: Cylinder.002
11:50:48 | INFO: Primitives created: 1
11:50:48 | INFO: Extracting primitive: Cylinder.003
11:50:48 | INFO: Primitives created: 1
11:50:48 | INFO: Extracting primitive: Cylinder
11:50:48 | INFO: Primitives created: 1
11:50:48 | INFO: Extracting primitive: Torus
11:50:48 | INFO: Primitives created: 1
11:50:48 | INFO: Extracting primitive: Torus.001
11:50:48 | INFO: Primitives created: 1
11:50:48 | INFO: Extracting primitive: Cylinder.005
11:50:48 | INFO: Primitives created: 1
11:50:48 | INFO: Extracting primitive: Cube
11:50:48 | INFO: Primitives created: 1
11:50:48 | INFO: Extracting primitive: Cube.001
11:50:48 | INFO: Primitives created: 1
11:50:48 | INFO: Extracting primitive: Cube.002
11:50:48 | INFO: Primitives created: 1
11:50:48 | INFO: Extracting primitive: White power cord
11:50:48 | INFO: Primitives created: 1
11:50:48 | INFO: Extracting primitive: White cylindrical shade mesh
11:50:48 | INFO: Primitives created: 1
11:50:48 | INFO: Finished glTF 2.0 export in 0.0311129093170166 s
/Users/hyperbox/homebuddy/ikea-catalog-assets/floor-lamp/build.py:5: DeprecationWarning: 'Material.use_nodes' is expected to be removed in Blender 6.0
  m=bpy.data.materials.new(name);m.diffuse_color=(*c,1);m.use_nodes=True;p=m.node_tree.nodes.get('Principled BSDF');p.inputs['Base Color'].default_value=(*c,1);p.inputs['Metallic'].default_value=metallic;p.inputs['Roughness'].default_value=rough;return m
00:28.378  render           | Saved: '/Users/hyperbox/homebuddy/ikea-catalog-assets/floor-lamp/floor-lamp.png'

Info: Saved as "floor-lamp.blend"
COMPLETE LAUTERS
Blender 5.2.0 LTS (hash fbe6228777e7 built 2026-07-14 01:31:22)

Blender quit
