INFO Draco is available, use library at /Applications/Blender.app/Contents/Resources/5.2/scripts/addons_core/io_scene_gltf2/libbf_intern_draco_bridge.dylib
INFO MeshOptimizer is available, use library at /Applications/Blender.app/Contents/Resources/5.2/scripts/addons_core/io_scene_gltf2/libbf_intern_meshopt_bridge.dylib
12:24:52 | INFO: Starting glTF 2.0 export
12:24:52 | INFO: Extracting primitive: Cylinder.002
12:24:52 | INFO: Primitives created: 1
12:24:52 | INFO: Extracting primitive: Cylinder.003
12:24:52 | INFO: Primitives created: 1
12:24:52 | INFO: Extracting primitive: Tapered flat ash leg
12:24:52 | INFO: Primitives created: 1
12:24:52 | INFO: Extracting primitive: Tapered flat ash leg.001
12:24:52 | INFO: Primitives created: 1
12:24:52 | INFO: Extracting primitive: Tapered flat ash leg.002
12:24:52 | INFO: Primitives created: 1
12:24:52 | INFO: Extracting primitive: Cylinder.005
12:24:52 | INFO: Primitives created: 1
12:24:52 | INFO: Extracting primitive: Shade wire support
12:24:52 | INFO: Primitives created: 1
12:24:52 | INFO: Extracting primitive: Shade wire support.001
12:24:52 | INFO: Primitives created: 1
12:24:52 | INFO: Extracting primitive: Shade wire support.002
12:24:52 | INFO: Primitives created: 1
12:24:52 | INFO: Extracting primitive: Cylinder.001
12:24:52 | INFO: Primitives created: 1
12:24:52 | INFO: Extracting primitive: Cylinder
12:24:52 | INFO: Primitives created: 1
12:24:52 | INFO: Extracting primitive: Cylinder.004
12:24:52 | INFO: Primitives created: 1
12:24:52 | INFO: Extracting primitive: White bound shade rim
12:24:52 | INFO: Primitives created: 1
12:24:52 | INFO: Extracting primitive: White bound shade rim.001
12:24:52 | INFO: Primitives created: 1
12:24:52 | INFO: Extracting primitive: White cord wound around storage spool
12:24:52 | INFO: Primitives created: 1
12:24:52 | INFO: Extracting primitive: White cord wound around storage spool.001
12:24:52 | INFO: Primitives created: 1
12:24:52 | INFO: Extracting primitive: White cord wound around storage spool.002
12:24:52 | INFO: Primitives created: 1
12:24:52 | INFO: Extracting primitive: White cord wound around storage spool.003
12:24:52 | INFO: Primitives created: 1
12:24:52 | INFO: Extracting primitive: White cord wound around storage spool.004
12:24:52 | INFO: Primitives created: 1
12:24:52 | INFO: Extracting primitive: White hanging power cable
12:24:52 | INFO: Primitives created: 1
12:24:52 | INFO: Extracting primitive: Thin cylindrical textile shade
12:24:52 | INFO: Primitives created: 1
12:24:53 | INFO: Finished glTF 2.0 export in 0.17817234992980957 s

Info: Saved as "floor-lamp.blend"
Blender 5.2.0 LTS (hash fbe6228777e7 built 2026-07-14 01:31:22)

Blender quit
